// Jest Snapshot v1, https://goo.gl/fbAQLP

exports[`CallUsNow Component renders 1`] = `
<section>
  <div>
    <h3>
      For expert debt resolution advice you can trust Debt Advisors of America
    </h3>
    <a
      href="tel:+18006320437"
    >
      <span>
        800-632-0437
      </span>
      <span>
        CALL US NOW
      </span>
    </a>
  </div>
</section>
`;
