// Jest Snapshot v1, https://goo.gl/fbAQLP

exports[`Email Component renders 1`] = `
<div>
  <strong>
    Email
  </strong>
</div>
`;
