// Jest Snapshot v1, https://goo.gl/fbAQLP

exports[`Reviews Component renders 1`] = `
<section
  class="reviews"
  id="debt-advisors-reviews"
>
  <div
    class="content-wrapper"
  >
    <h2
      class="review-title"
    >
      Top-Rated Debt Advisor
    </h2>
    <div
      class="initial-stars-wrapper"
    >
      <svg
        aria-hidden="true"
        class="svg-inline--fa fa-star fa-w-18 star"
        data-icon="star"
        data-prefix="fas"
        focusable="false"
        role="img"
        viewBox="0 0 576 512"
        xmlns="http://www.w3.org/2000/svg"
      >
        <path
          d="M259.3 17.8L194 150.2 47.9 171.5c-26.2 3.8-36.7 36.1-17.7 54.6l105.7 103-25 145.5c-4.5 26.3 23.2 46 46.4 33.7L288 439.6l130.7 68.7c23.2 12.2 50.9-7.4 46.4-33.7l-25-145.5 105.7-103c19-18.5 8.5-50.8-17.7-54.6L382 150.2 316.7 17.8c-11.7-23.6-45.6-23.9-57.4 0z"
          fill="currentColor"
        />
      </svg>
      <svg
        aria-hidden="true"
        class="svg-inline--fa fa-star fa-w-18 star"
        data-icon="star"
        data-prefix="fas"
        focusable="false"
        role="img"
        viewBox="0 0 576 512"
        xmlns="http://www.w3.org/2000/svg"
      >
        <path
          d="M259.3 17.8L194 150.2 47.9 171.5c-26.2 3.8-36.7 36.1-17.7 54.6l105.7 103-25 145.5c-4.5 26.3 23.2 46 46.4 33.7L288 439.6l130.7 68.7c23.2 12.2 50.9-7.4 46.4-33.7l-25-145.5 105.7-103c19-18.5 8.5-50.8-17.7-54.6L382 150.2 316.7 17.8c-11.7-23.6-45.6-23.9-57.4 0z"
          fill="currentColor"
        />
      </svg>
      <svg
        aria-hidden="true"
        class="svg-inline--fa fa-star fa-w-18 star"
        data-icon="star"
        data-prefix="fas"
        focusable="false"
        role="img"
        viewBox="0 0 576 512"
        xmlns="http://www.w3.org/2000/svg"
      >
        <path
          d="M259.3 17.8L194 150.2 47.9 171.5c-26.2 3.8-36.7 36.1-17.7 54.6l105.7 103-25 145.5c-4.5 26.3 23.2 46 46.4 33.7L288 439.6l130.7 68.7c23.2 12.2 50.9-7.4 46.4-33.7l-25-145.5 105.7-103c19-18.5 8.5-50.8-17.7-54.6L382 150.2 316.7 17.8c-11.7-23.6-45.6-23.9-57.4 0z"
          fill="currentColor"
        />
      </svg>
      <svg
        aria-hidden="true"
        class="svg-inline--fa fa-star fa-w-18 star"
        data-icon="star"
        data-prefix="fas"
        focusable="false"
        role="img"
        viewBox="0 0 576 512"
        xmlns="http://www.w3.org/2000/svg"
      >
        <path
          d="M259.3 17.8L194 150.2 47.9 171.5c-26.2 3.8-36.7 36.1-17.7 54.6l105.7 103-25 145.5c-4.5 26.3 23.2 46 46.4 33.7L288 439.6l130.7 68.7c23.2 12.2 50.9-7.4 46.4-33.7l-25-145.5 105.7-103c19-18.5 8.5-50.8-17.7-54.6L382 150.2 316.7 17.8c-11.7-23.6-45.6-23.9-57.4 0z"
          fill="currentColor"
        />
      </svg>
      <svg
        aria-hidden="true"
        class="svg-inline--fa fa-star fa-w-18 star"
        data-icon="star"
        data-prefix="fas"
        focusable="false"
        role="img"
        viewBox="0 0 576 512"
        xmlns="http://www.w3.org/2000/svg"
      >
        <path
          d="M259.3 17.8L194 150.2 47.9 171.5c-26.2 3.8-36.7 36.1-17.7 54.6l105.7 103-25 145.5c-4.5 26.3 23.2 46 46.4 33.7L288 439.6l130.7 68.7c23.2 12.2 50.9-7.4 46.4-33.7l-25-145.5 105.7-103c19-18.5 8.5-50.8-17.7-54.6L382 150.2 316.7 17.8c-11.7-23.6-45.6-23.9-57.4 0z"
          fill="currentColor"
        />
      </svg>
    </div>
    <div
      class="reviews-wrapper"
    >
      <div
        class="review"
      >
        <div
          class="review-header"
        >
          <picture>
            <source />
            <img
              alt="Woman One Reviewer Placeholder Image"
              class="reviewer-image"
              loading="lazy"
            />
          </picture>
          <strong
            class="reviewer-name"
          >
            Test Name
          </strong>
        </div>
        <div
          class="review-stars"
        >
          <svg
            aria-hidden="true"
            class="svg-inline--fa fa-star fa-w-18 star"
            data-icon="star"
            data-prefix="fas"
            focusable="false"
            role="img"
            viewBox="0 0 576 512"
            xmlns="http://www.w3.org/2000/svg"
          >
            <path
              d="M259.3 17.8L194 150.2 47.9 171.5c-26.2 3.8-36.7 36.1-17.7 54.6l105.7 103-25 145.5c-4.5 26.3 23.2 46 46.4 33.7L288 439.6l130.7 68.7c23.2 12.2 50.9-7.4 46.4-33.7l-25-145.5 105.7-103c19-18.5 8.5-50.8-17.7-54.6L382 150.2 316.7 17.8c-11.7-23.6-45.6-23.9-57.4 0z"
              fill="currentColor"
            />
          </svg>
          <svg
            aria-hidden="true"
            class="svg-inline--fa fa-star fa-w-18 star"
            data-icon="star"
            data-prefix="fas"
            focusable="false"
            role="img"
            viewBox="0 0 576 512"
            xmlns="http://www.w3.org/2000/svg"
          >
            <path
              d="M259.3 17.8L194 150.2 47.9 171.5c-26.2 3.8-36.7 36.1-17.7 54.6l105.7 103-25 145.5c-4.5 26.3 23.2 46 46.4 33.7L288 439.6l130.7 68.7c23.2 12.2 50.9-7.4 46.4-33.7l-25-145.5 105.7-103c19-18.5 8.5-50.8-17.7-54.6L382 150.2 316.7 17.8c-11.7-23.6-45.6-23.9-57.4 0z"
              fill="currentColor"
            />
          </svg>
          <svg
            aria-hidden="true"
            class="svg-inline--fa fa-star fa-w-18 star"
            data-icon="star"
            data-prefix="fas"
            focusable="false"
            role="img"
            viewBox="0 0 576 512"
            xmlns="http://www.w3.org/2000/svg"
          >
            <path
              d="M259.3 17.8L194 150.2 47.9 171.5c-26.2 3.8-36.7 36.1-17.7 54.6l105.7 103-25 145.5c-4.5 26.3 23.2 46 46.4 33.7L288 439.6l130.7 68.7c23.2 12.2 50.9-7.4 46.4-33.7l-25-145.5 105.7-103c19-18.5 8.5-50.8-17.7-54.6L382 150.2 316.7 17.8c-11.7-23.6-45.6-23.9-57.4 0z"
              fill="currentColor"
            />
          </svg>
          <svg
            aria-hidden="true"
            class="svg-inline--fa fa-star fa-w-18 star"
            data-icon="star"
            data-prefix="fas"
            focusable="false"
            role="img"
            viewBox="0 0 576 512"
            xmlns="http://www.w3.org/2000/svg"
          >
            <path
              d="M259.3 17.8L194 150.2 47.9 171.5c-26.2 3.8-36.7 36.1-17.7 54.6l105.7 103-25 145.5c-4.5 26.3 23.2 46 46.4 33.7L288 439.6l130.7 68.7c23.2 12.2 50.9-7.4 46.4-33.7l-25-145.5 105.7-103c19-18.5 8.5-50.8-17.7-54.6L382 150.2 316.7 17.8c-11.7-23.6-45.6-23.9-57.4 0z"
              fill="currentColor"
            />
          </svg>
          <svg
            aria-hidden="true"
            class="svg-inline--fa fa-star fa-w-18 star"
            data-icon="star"
            data-prefix="fas"
            focusable="false"
            role="img"
            viewBox="0 0 576 512"
            xmlns="http://www.w3.org/2000/svg"
          >
            <path
              d="M259.3 17.8L194 150.2 47.9 171.5c-26.2 3.8-36.7 36.1-17.7 54.6l105.7 103-25 145.5c-4.5 26.3 23.2 46 46.4 33.7L288 439.6l130.7 68.7c23.2 12.2 50.9-7.4 46.4-33.7l-25-145.5 105.7-103c19-18.5 8.5-50.8-17.7-54.6L382 150.2 316.7 17.8c-11.7-23.6-45.6-23.9-57.4 0z"
              fill="currentColor"
            />
          </svg>
        </div>
        <div
          class="review-content-wrapper"
        >
          <p
            class="review-content"
          >
            Test Review Content
          </p>
        </div>
      </div>
    </div>
  </div>
</section>
`;
