// Jest Snapshot v1, https://goo.gl/fbAQLP

exports[`Phone Component renders 1`] = `
<div>
  <strong>
    Phone
  </strong>
</div>
`;
