// Jest Snapshot v1, https://goo.gl/fbAQLP

exports[`Location Component renders 1`] = `
<div
  class="location-wrapper"
>
  <input
    class="location-field"
    id="zip-code"
    name="zip-code"
    type="text"
    value=""
  />
  <picture>
    <source />
    <img
      alt="Powered By Google Logo"
      class="powered-by-google-logo"
      loading="lazy"
    />
  </picture>
</div>
`;
