// Jest Snapshot v1, https://goo.gl/fbAQLP

exports[`Name Component renders 1`] = `
<div>
  <strong>
    Name
  </strong>
</div>
`;
